cargo : warning: unexpected `cfg` condition value: `rapier`
At line:1 char:1
+ cargo build --release 2>&1 | Out-File -FilePath "build_errors.txt" ;  ...
+ ~~~~~~~~~~~~~~~~~~~~~~~~~~
    + CategoryInfo          : NotSpecified: (warning: unexpe...value: `rapier`:String) [], RemoteException
    + FullyQualifiedErrorId : NativeCommandError
 
 --> script\src\lib.rs:8:7
  |
8 | #[cfg(feature = "rapier")]
  |       ^^^^^^^^^^^^^^^^^^ help: remove the condition
  |
  = note: no expected values for `feature`
  = help: consider adding `rapier` as a feature in `Cargo.toml`
  = note: see <https://doc.rust-lang.org/nightly/rustc/check-cfg/cargo-specifics.html> for more information about checking 
conditional configuration
  = note: `#[warn(unexpected_cfgs)]` on by default

warning: unused import: `Table`
 --> script\src\lib.rs:1:27
  |
1 | use mlua::{Lua, Function, Table};
  |                           ^^^^^
  |
  = note: `#[warn(unused_imports)]` on by default

warning: `script` (lib) generated 2 warnings (run `cargo fix --lib -p script` to apply 1 suggestion)
warning: unused import: `Tile`
 --> render\src\tilemap_renderer.rs:4:29
  |
4 | use ecs::{Tilemap, TileSet, Tile};
  |                             ^^^^
  |
  = note: `#[warn(unused_imports)]` on by default

warning: unused variable: `uv_w`
  --> render\src\tilemap_renderer.rs:95:13
   |
95 |         let uv_w = 1.0 / cols as f32;
   |             ^^^^ help: if this is intentional, prefix it with an underscore: `_uv_w`
   |
   = note: `#[warn(unused_variables)]` on by default

warning: unused variable: `uv_h`
  --> render\src\tilemap_renderer.rs:96:13
   |
96 |         let uv_h = 1.0 / (tileset.tile_count as f32 / cols as f32).ceil(); 
   |             ^^^^ help: if this is intentional, prefix it with an underscore: `_uv_h`

warning: field `bind_group_layout` is never read
  --> render\src\sprite_renderer.rs:37:5
   |
32 | pub struct SpriteRenderer {
   |            -------------- field in this struct
...
37 |     bind_group_layout: wgpu::BindGroupLayout,
   |     ^^^^^^^^^^^^^^^^^
   |
   = note: `#[warn(dead_code)]` on by default

warning: field `bind_group_layout` is never read
 --> render\src\tilemap_renderer.rs:8:5
  |
6 | pub struct TilemapRenderer {
  |            --------------- field in this struct
7 |     render_pipeline: wgpu::RenderPipeline,
8 |     bind_group_layout: wgpu::BindGroupLayout,
  |     ^^^^^^^^^^^^^^^^^

warning: `render` (lib) generated 5 warnings (run `cargo fix --lib -p render` to apply 1 suggestion)
   Compiling engine v0.1.0 (K:\XSGameStudio\2025 Project\Game Engine\Rust 2D Game Engine\engine)
warning: unexpected `cfg` condition value: `system-clipboard`
   --> engine\src\editor\clipboard.rs:507:7
    |
507 | #[cfg(feature = "system-clipboard")]
    |       ^^^^^^^^^^^^^^^^^^^^^^^^^^^^
    |
    = note: expected values for `feature` are: `default` and `rapier`
    = help: consider adding `system-clipboard` as a feature in `Cargo.toml`
    = note: see <https://doc.rust-lang.org/nightly/rustc/check-cfg/cargo-specifics.html> for more information about checking 
conditional configuration
    = note: `#[warn(unexpected_cfgs)]` on by default

warning: unused import: `SelectionManager`
  --> engine\src\editor\mod.rs:32:21
   |
32 | pub use selection::{SelectionManager, SelectionMode};
   |                     ^^^^^^^^^^^^^^^^
   |
   = note: `#[warn(unused_imports)]` on by default

warning: unused import: `Clipboard`
  --> engine\src\editor\mod.rs:33:21
   |
33 | pub use clipboard::{Clipboard, copy_selected, paste_from_clipboard, duplicate_selected};
   |                     ^^^^^^^^^

warning: unused import: `ldtk_runtime::LdtkRuntime`
 --> engine\src\runtime\mod.rs:8:9
  |
8 | pub use ldtk_runtime::LdtkRuntime;
  |         ^^^^^^^^^^^^^^^^^^^^^^^^^

error[E0063]: missing field `pixels_per_unit` in initializer of `ecs::Sprite`
  --> engine\src\editor\ui\hierarchy.rs:65:46
   |
65 |                 world.sprites.insert(entity, ecs::Sprite {
   |                                              ^^^^^^^^^^^ missing `pixels_per_unit`

warning: use of deprecated method `egui::Response::drag_released`: Renamed 'dragged_stopped'
   --> engine\src\editor\ui\scene_view\mod.rs:282:21
    |
282 |         if response.drag_released() {
    |                     ^^^^^^^^^^^^^
    |
    = note: `#[warn(deprecated)]` on by default

error[E0063]: missing field `pixels_per_unit` in initializer of `ecs::Sprite`
   --> engine\src\editor\ui\scene_view\mod.rs:315:62
    |
315 | ...                   world.sprites.insert(entity, ecs::Sprite {
    |                                                    ^^^^^^^^^^^ missing `pixels_per_unit`

warning: use of deprecated method `egui::Response::drag_released_by`: Renamed 'dragged_stopped_by'
   --> engine\src\editor\selection.rs:416:17
    |
416 |     if response.drag_released_by(egui::PointerButton::Primary) {
    |                 ^^^^^^^^^^^^^^^^

error[E0063]: missing field `pixels_per_unit` in initializer of `ecs::Sprite`
    --> engine\src\main.rs:1119:70
     |
1119 | ...                   let sprite = ecs::Sprite {
     |                                    ^^^^^^^^^^^ missing `pixels_per_unit`

error[E0063]: missing field `pixels_per_unit` in initializer of `ecs::Sprite`
    --> engine\src\main.rs:1143:58
     |
1143 | ...                   let sprite = ecs::Sprite {
     |                                    ^^^^^^^^^^^ missing `pixels_per_unit`

warning: unused variable: `back_width`
   --> engine\src\editor\ui\scene_view\rendering\gizmos.rs:387:13
    |
387 |         let back_width = size * 0.8;
    |             ^^^^^^^^^^ help: if this is intentional, prefix it with an underscore: `_back_width`
    |
    = note: `#[warn(unused_variables)]` on by default

warning: unused variable: `texture_path_full`
   --> engine\src\editor\ui\sprite_picker.rs:137:53
    |
137 | ...                   let texture_path_full = project_path.join(&metadata.texture_path);
    |                           ^^^^^^^^^^^^^^^^^ help: if this is intentional, prefix it with an underscore: `_texture_path_full`

warning: unused variable: `world_pos_before`
   --> engine\src\editor\camera.rs:245:21
    |
245 |         if let Some(world_pos_before) = self.last_cursor_world_pos {
    |                     ^^^^^^^^^^^^^^^^ help: if this is intentional, prefix it with an underscore: `_world_pos_before`

warning: unused variable: `texture_pos`
    --> engine\src\editor\sprite_editor.rs:2496:75
     |
2496 |     fn move_sprite(&mut self, sprite_idx: usize, pointer_pos: egui::Pos2, texture_pos: egui::Pos2, texture_size: [usize; 
2]) {
     |                                                                           ^^^^^^^^^^^ help: if this is intentional, prefix 
it with an underscore: `_texture_pos`

warning: unused variable: `texture_size`
    --> engine\src\editor\sprite_editor.rs:2700:90
     |
2700 |     fn render_sprite_rectangles(&self, painter: &egui::Painter, texture_pos: egui::Pos2, texture_size: [usize; 2]) {
     |                                                                                          ^^^^^^^^^^^^ help: if this is 
intentional, prefix it with an underscore: `_texture_size`

warning: unused variable: `camera_entity`
  --> engine\src\runtime\renderer.rs:22:18
   |
22 |     if let Some((camera_entity, camera, transform)) = main_camera {
   |                  ^^^^^^^^^^^^^ help: if this is intentional, prefix it with an underscore: `_camera_entity`

warning: unused variable: `camera`
   --> engine\src\runtime\renderer.rs:107:5
    |
107 |     camera: &Camera,
    |     ^^^^^^ help: if this is intentional, prefix it with an underscore: `_camera`

For more information about this error, try `rustc --explain E0063`.
warning: `engine` (bin "engine") generated 13 warnings
error: could not compile `engine` (bin "engine") due to 4 previous errors; 13 warnings emitted
