   Compiling ecs v0.1.0 (K:\XSGameStudio\2025 Project\Game Engine\Rust 2D Game Engine\ecs)
error[E0583]: file not found for module `hecs_minimal`
  --> ecs\src\backends\mod.rs:14:1
   |
14 | pub mod hecs_minimal;
   | ^^^^^^^^^^^^^^^^^^^^^
   |
   = help: to create the module `hecs_minimal`, create file "ecs\src\backends\hecs_minimal.rs" or "ecs\src\backends\hecs_minimal\mod.rs"
   = note: if there is a `mod hecs_minimal` elsewhere in the crate already, import it with `use crate::...` instead

error[E0412]: cannot find type `Transform` in this scope
  --> ecs\src\backends\specs_backend.rs:41:34
   |
41 | specs_component!(SpecsTransform, Transform);
   |                                  ^^^^^^^^^ not found in this scope
   |
help: consider importing this struct
   |
5  + use crate::Transform;
   |

error[E0412]: cannot find type `Sprite` in this scope
  --> ecs\src\backends\specs_backend.rs:42:31
   |
42 | specs_component!(SpecsSprite, Sprite);
   |                               ^^^^^^ not found in this scope
   |
help: consider importing this struct
   |
5  + use crate::Sprite;
   |

error[E0412]: cannot find type `Collider` in this scope
  --> ecs\src\backends\specs_backend.rs:43:33
   |
43 | specs_component!(SpecsCollider, Collider);
   |                                 ^^^^^^^^ not found in this scope
   |
help: consider importing this struct
   |
5  + use crate::Collider;
   |

error[E0412]: cannot find type `Rigidbody2D` in this scope
  --> ecs\src\backends\specs_backend.rs:44:36
   |
44 | specs_component!(SpecsRigidbody2D, Rigidbody2D);
   |                                    ^^^^^^^^^^^ not found in this scope
   |
help: consider importing this struct
   |
5  + use crate::Rigidbody2D;
   |

error[E0412]: cannot find type `Mesh` in this scope
  --> ecs\src\backends\specs_backend.rs:45:29
   |
45 | specs_component!(SpecsMesh, Mesh);
   |                             ^^^^ not found in this scope
   |
help: consider importing this struct
   |
5  + use crate::Mesh;
   |

error[E0412]: cannot find type `Camera` in this scope
  --> ecs\src\backends\specs_backend.rs:46:31
   |
46 | specs_component!(SpecsCamera, Camera);
   |                               ^^^^^^ not found in this scope
   |
help: consider importing this struct
   |
5  + use crate::Camera;
   |

error[E0412]: cannot find type `Script` in this scope
  --> ecs\src\backends\specs_backend.rs:47:31
   |
47 | specs_component!(SpecsScript, Script);
   |                               ^^^^^^ not found in this scope
   |
help: consider importing this struct
   |
5  + use crate::Script;
   |

error[E0412]: cannot find type `EntityTag` in this scope
  --> ecs\src\backends\specs_backend.rs:48:34
   |
48 | specs_component!(SpecsEntityTag, EntityTag);
   |                                  ^^^^^^^^^ not found in this scope
   |
help: consider importing this enum
   |
5  + use crate::EntityTag;
   |

error[E0412]: cannot find type `Transform` in this scope
   --> ecs\src\backends\specs_backend.rs:286:30
    |
286 | impl_specs_component_access!(Transform, SpecsTransform);
    |                              ^^^^^^^^^ not found in this scope
    |
help: consider importing this struct
    |
5   + use crate::Transform;
    |

error[E0412]: cannot find type `Sprite` in this scope
   --> ecs\src\backends\specs_backend.rs:287:30
    |
287 | impl_specs_component_access!(Sprite, SpecsSprite);
    |                              ^^^^^^ not found in this scope
    |
help: consider importing this struct
    |
5   + use crate::Sprite;
    |

error[E0412]: cannot find type `Collider` in this scope
   --> ecs\src\backends\specs_backend.rs:288:30
    |
288 | impl_specs_component_access!(Collider, SpecsCollider);
    |                              ^^^^^^^^ not found in this scope
    |
help: consider importing this struct
    |
5   + use crate::Collider;
    |

error[E0412]: cannot find type `Rigidbody2D` in this scope
   --> ecs\src\backends\specs_backend.rs:289:30
    |
289 | impl_specs_component_access!(Rigidbody2D, SpecsRigidbody2D);
    |                              ^^^^^^^^^^^ not found in this scope
    |
help: consider importing this struct
    |
5   + use crate::Rigidbody2D;
    |

error[E0412]: cannot find type `Mesh` in this scope
   --> ecs\src\backends\specs_backend.rs:290:30
    |
290 | impl_specs_component_access!(Mesh, SpecsMesh);
    |                              ^^^^ not found in this scope
    |
help: consider importing this struct
    |
5   + use crate::Mesh;
    |

error[E0412]: cannot find type `Camera` in this scope
   --> ecs\src\backends\specs_backend.rs:291:30
    |
291 | impl_specs_component_access!(Camera, SpecsCamera);
    |                              ^^^^^^ not found in this scope
    |
help: consider importing this struct
    |
5   + use crate::Camera;
    |

error[E0412]: cannot find type `Script` in this scope
   --> ecs\src\backends\specs_backend.rs:292:30
    |
292 | impl_specs_component_access!(Script, SpecsScript);
    |                              ^^^^^^ not found in this scope
    |
help: consider importing this struct
    |
5   + use crate::Script;
    |

error[E0412]: cannot find type `EntityTag` in this scope
   --> ecs\src\backends\specs_backend.rs:293:30
    |
293 | impl_specs_component_access!(EntityTag, SpecsEntityTag);
    |                              ^^^^^^^^^ not found in this scope
    |
help: consider importing this enum
    |
5   + use crate::EntityTag;
    |

error[E0412]: cannot find type `Transform` in this scope
  --> ecs\src\backends\bevy_backend.rs:39:32
   |
39 | bevy_component!(BevyTransform, Transform);
   |                                ^^^^^^^^^ not found in this scope
   |
help: consider importing this struct
   |
5  + use crate::Transform;
   |

error[E0412]: cannot find type `Sprite` in this scope
  --> ecs\src\backends\bevy_backend.rs:40:29
   |
40 | bevy_component!(BevySprite, Sprite);
   |                             ^^^^^^ not found in this scope
   |
help: consider importing this struct
   |
5  + use crate::Sprite;
   |

error[E0412]: cannot find type `Collider` in this scope
  --> ecs\src\backends\bevy_backend.rs:41:31
   |
41 | bevy_component!(BevyCollider, Collider);
   |                               ^^^^^^^^ not found in this scope
   |
help: consider importing this struct
   |
5  + use crate::Collider;
   |

error[E0412]: cannot find type `Rigidbody2D` in this scope
  --> ecs\src\backends\bevy_backend.rs:42:34
   |
42 | bevy_component!(BevyRigidbody2D, Rigidbody2D);
   |                                  ^^^^^^^^^^^ not found in this scope
   |
help: consider importing this struct
   |
5  + use crate::Rigidbody2D;
   |

error[E0412]: cannot find type `Mesh` in this scope
  --> ecs\src\backends\bevy_backend.rs:43:27
   |
43 | bevy_component!(BevyMesh, Mesh);
   |                           ^^^^ not found in this scope
   |
help: consider importing this struct
   |
5  + use crate::Mesh;
   |

error[E0412]: cannot find type `Camera` in this scope
  --> ecs\src\backends\bevy_backend.rs:44:29
   |
44 | bevy_component!(BevyCamera, Camera);
   |                             ^^^^^^ not found in this scope
   |
help: consider importing this struct
   |
5  + use crate::Camera;
   |

error[E0412]: cannot find type `Script` in this scope
  --> ecs\src\backends\bevy_backend.rs:45:29
   |
45 | bevy_component!(BevyScript, Script);
   |                             ^^^^^^ not found in this scope
   |
help: consider importing this struct
   |
5  + use crate::Script;
   |

error[E0412]: cannot find type `EntityTag` in this scope
   --> ecs\src\backends\bevy_backend.rs:46:32
    |
46  | bevy_component!(BevyEntityTag, EntityTag);
    |                                ^^^^^^^^^
    |
   ::: C:\Users\XS Studio\.cargo\registry\src\index.crates.io-1949cf8c6b5b557f\bevy_ecs-0.12.1\src\world\entity_ref.rs:212:1
    |
212 | pub struct EntityMut<'w>(UnsafeEntityCell<'w>);
    | ------------------------ similarly named struct `EntityMut` defined here
    |
help: a struct with a similar name exists
    |
46  - bevy_component!(BevyEntityTag, EntityTag);
46  + bevy_component!(BevyEntityTag, EntityMut);
    |
help: consider importing this enum
    |
5   + use crate::EntityTag;
    |

error[E0412]: cannot find type `Transform` in this scope
   --> ecs\src\backends\bevy_backend.rs:274:29
    |
274 | impl_bevy_component_access!(Transform, BevyTransform);
    |                             ^^^^^^^^^ not found in this scope
    |
help: consider importing this struct
    |
5   + use crate::Transform;
    |

error[E0412]: cannot find type `Sprite` in this scope
   --> ecs\src\backends\bevy_backend.rs:275:29
    |
275 | impl_bevy_component_access!(Sprite, BevySprite);
    |                             ^^^^^^ not found in this scope
    |
help: consider importing this struct
    |
5   + use crate::Sprite;
    |

error[E0412]: cannot find type `Collider` in this scope
   --> ecs\src\backends\bevy_backend.rs:276:29
    |
276 | impl_bevy_component_access!(Collider, BevyCollider);
    |                             ^^^^^^^^ not found in this scope
    |
help: consider importing this struct
    |
5   + use crate::Collider;
    |

error[E0412]: cannot find type `Rigidbody2D` in this scope
   --> ecs\src\backends\bevy_backend.rs:277:29
    |
277 | impl_bevy_component_access!(Rigidbody2D, BevyRigidbody2D);
    |                             ^^^^^^^^^^^ not found in this scope
    |
help: consider importing this struct
    |
5   + use crate::Rigidbody2D;
    |

error[E0412]: cannot find type `Mesh` in this scope
   --> ecs\src\backends\bevy_backend.rs:278:29
    |
278 | impl_bevy_component_access!(Mesh, BevyMesh);
    |                             ^^^^ not found in this scope
    |
help: consider importing this struct
    |
5   + use crate::Mesh;
    |

error[E0412]: cannot find type `Camera` in this scope
   --> ecs\src\backends\bevy_backend.rs:279:29
    |
279 | impl_bevy_component_access!(Camera, BevyCamera);
    |                             ^^^^^^ not found in this scope
    |
help: consider importing this struct
    |
5   + use crate::Camera;
    |

error[E0412]: cannot find type `Script` in this scope
   --> ecs\src\backends\bevy_backend.rs:280:29
    |
280 | impl_bevy_component_access!(Script, BevyScript);
    |                             ^^^^^^ not found in this scope
    |
help: consider importing this struct
    |
5   + use crate::Script;
    |

error[E0412]: cannot find type `EntityTag` in this scope
   --> ecs\src\backends\bevy_backend.rs:281:29
    |
281 | impl_bevy_component_access!(EntityTag, BevyEntityTag);
    |                             ^^^^^^^^^
    |
   ::: C:\Users\XS Studio\.cargo\registry\src\index.crates.io-1949cf8c6b5b557f\bevy_ecs-0.12.1\src\world\entity_ref.rs:212:1
    |
212 | pub struct EntityMut<'w>(UnsafeEntityCell<'w>);
    | ------------------------ similarly named struct `EntityMut` defined here
    |
help: a struct with a similar name exists
    |
281 - impl_bevy_component_access!(EntityTag, BevyEntityTag);
281 + impl_bevy_component_access!(EntityMut, BevyEntityTag);
    |
help: consider importing this enum
    |
5   + use crate::EntityTag;
    |

warning: unused import: `std::collections::HashMap`
 --> ecs\src\lib.rs:1:5
  |
1 | use std::collections::HashMap;
  |     ^^^^^^^^^^^^^^^^^^^^^^^^^
  |
  = note: `#[warn(unused_imports)]` on by default

warning: unused imports: `Camera`, `Collider`, `EntityTag`, `LdtkIntGridCollider`, `LdtkMap`, `Mesh`, `ScriptLifecycleState`, `Script`, `Sprite`, `TilemapCollider`, and `Transform`
 --> ecs\src\component_manager.rs:9:21
  |
9 | ...y, Transform, Sprite, Collider, Mesh, Camera, Script, ScriptLifecycleState, EntityTag, LdtkMap, TilemapCollider, LdtkIntGridCollider};
  |       ^^^^^^^^^  ^^^^^^  ^^^^^^^^  ^^^^  ^^^^^^  ^^^^^^  ^^^^^^^^^^^^^^^^^^^^  ^^^^^^^^^  ^^^^^^^  ^^^^^^^^^^^^^^^  ^^^^^^^^^^^^^^^^^^^

warning: unused import: `std::collections::HashMap`
  --> ecs\src\component_manager.rs:10:5
   |
10 | use std::collections::HashMap;
   |     ^^^^^^^^^^^^^^^^^^^^^^^^^

warning: unused import: `Component`
 --> ecs\src\backends\hecs_backend.rs:4:22
  |
4 |     use hecs::{self, Component};
  |                      ^^^^^^^^^

warning: unused imports: `Deserialize` and `Serialize`
 --> ecs\src\backends\hecs_backend.rs:6:17
  |
6 |     use serde::{Serialize, Deserialize};
  |                 ^^^^^^^^^  ^^^^^^^^^^^

warning: unused imports: `DispatcherBuilder`, `Dispatcher`, `LazyUpdate`, `ReadStorage`, `RunNow`, `SystemData`, `System`, and `WriteStorage`
 --> ecs\src\backends\specs_backend.rs:7:30
  |
7 |     WorldExt, Builder, Join, ReadStorage, WriteStorage, Entities, LazyUpdate,
  |                              ^^^^^^^^^^^  ^^^^^^^^^^^^            ^^^^^^^^^^
8 |     System, SystemData, Dispatcher, DispatcherBuilder, RunNow
  |     ^^^^^^  ^^^^^^^^^^  ^^^^^^^^^^  ^^^^^^^^^^^^^^^^^  ^^^^^^

warning: unused imports: `Commands`, `EntityMut`, `EntityRef`, `Query`, `ResMut`, `Res`, and `bundle::Bundle`
  --> ecs\src\backends\bevy_backend.rs:8:33
   |
8  |     world::{World as BevyWorld, EntityMut, EntityRef},
   |                                 ^^^^^^^^^  ^^^^^^^^^
9  |     system::{Query, Commands, Res, ResMut, Resource},
   |              ^^^^^  ^^^^^^^^  ^^^  ^^^^^^
10 |     bundle::Bundle,
   |     ^^^^^^^^^^^^^^

warning: unused imports: `EcsError` and `Serializable`
   --> ecs\src\lib.rs:937:24
    |
937 | use traits::{EcsWorld, EcsError, Serializable};
    |                        ^^^^^^^^  ^^^^^^^^^^^^

error[E0308]: mismatched types
   --> ecs\src\backends\specs_backend.rs:261:22
    |
261 |                 Some(self.world.read_storage::<$specs_component>())
    |                 ---- ^^^^^^^^^^^^^^^^^^^^^^^^^^^^^^^^^^^^^^^^^^^^^ expected `MaskedStorage<SpecsVelocity>`, found `Storage<'_, SpecsVelocity, ...>`
    |                 |
    |                 arguments to this enum variant are incorrect
...
294 | impl_specs_component_access!((f32, f32), SpecsVelocity);
    | ------------------------------------------------------- in this macro invocation
    |
    = note: expected struct `MaskedStorage<SpecsVelocity>`
               found struct `Storage<'_, SpecsVelocity, specs::shred::Fetch<'_, MaskedStorage<SpecsVelocity>>>`
help: the type constructed contains `Storage<'_, SpecsVelocity, specs::shred::Fetch<'_, MaskedStorage<SpecsVelocity>>>` due to the type of the argument passed
   --> ecs\src\backends\specs_backend.rs:261:17
    |
261 |                 Some(self.world.read_storage::<$specs_component>())
    |                 ^^^^^---------------------------------------------^
    |                      |
    |                      this argument influences the type of `Some`
...
294 | impl_specs_component_access!((f32, f32), SpecsVelocity);
    | ------------------------------------------------------- in this macro invocation
note: tuple variant defined here
   --> C:\Users\XS Studio\.rustup\toolchains\stable-x86_64-pc-windows-msvc\lib/rustlib/src/rust\library\core\src\option.rs:599:5
    |
599 |     Some(#[stable(feature = "rust1", since = "1.0.0")] T),
    |     ^^^^
    = note: this error originates in the macro `impl_specs_component_access` (in Nightly builds, run with -Z macro-backtrace for more info)

error[E0308]: mismatched types
   --> ecs\src\backends\specs_backend.rs:267:22
    |
267 |                 Some(self.world.write_storage::<$specs_component>())
    |                 ---- ^^^^^^^^^^^^^^^^^^^^^^^^^^^^^^^^^^^^^^^^^^^^^^ expected `MaskedStorage<SpecsVelocity>`, found `Storage<'_, SpecsVelocity, ...>`
    |                 |
    |                 arguments to this enum variant are incorrect
...
294 | impl_specs_component_access!((f32, f32), SpecsVelocity);
    | ------------------------------------------------------- in this macro invocation
    |
    = note: expected struct `MaskedStorage<SpecsVelocity>`
               found struct `Storage<'_, SpecsVelocity, FetchMut<'_, MaskedStorage<SpecsVelocity>>>`
help: the type constructed contains `Storage<'_, SpecsVelocity, FetchMut<'_, MaskedStorage<SpecsVelocity>>>` due to the type of the argument passed
   --> ecs\src\backends\specs_backend.rs:267:17
    |
267 |                 Some(self.world.write_storage::<$specs_component>())
    |                 ^^^^^----------------------------------------------^
    |                      |
    |                      this argument influences the type of `Some`
...
294 | impl_specs_component_access!((f32, f32), SpecsVelocity);
    | ------------------------------------------------------- in this macro invocation
note: tuple variant defined here
   --> C:\Users\XS Studio\.rustup\toolchains\stable-x86_64-pc-windows-msvc\lib/rustlib/src/rust\library\core\src\option.rs:599:5
    |
599 |     Some(#[stable(feature = "rust1", since = "1.0.0")] T),
    |     ^^^^
    = note: this error originates in the macro `impl_specs_component_access` (in Nightly builds, run with -Z macro-backtrace for more info)

error[E0308]: mismatched types
   --> ecs\src\backends\specs_backend.rs:261:22
    |
261 |                 Some(self.world.read_storage::<$specs_component>())
    |                 ---- ^^^^^^^^^^^^^^^^^^^^^^^^^^^^^^^^^^^^^^^^^^^^^ expected `MaskedStorage<SpecsActive>`, found `Storage<'_, SpecsActive, Fetch<'_, ...>>`
    |                 |
    |                 arguments to this enum variant are incorrect
...
295 | impl_specs_component_access!(bool, SpecsActive);
    | ----------------------------------------------- in this macro invocation
    |
    = note: expected struct `MaskedStorage<SpecsActive>`
               found struct `Storage<'_, SpecsActive, specs::shred::Fetch<'_, MaskedStorage<SpecsActive>>>`
help: the type constructed contains `Storage<'_, SpecsActive, specs::shred::Fetch<'_, MaskedStorage<SpecsActive>>>` due to the type of the argument passed
   --> ecs\src\backends\specs_backend.rs:261:17
    |
261 |                 Some(self.world.read_storage::<$specs_component>())
    |                 ^^^^^---------------------------------------------^
    |                      |
    |                      this argument influences the type of `Some`
...
295 | impl_specs_component_access!(bool, SpecsActive);
    | ----------------------------------------------- in this macro invocation
note: tuple variant defined here
   --> C:\Users\XS Studio\.rustup\toolchains\stable-x86_64-pc-windows-msvc\lib/rustlib/src/rust\library\core\src\option.rs:599:5
    |
599 |     Some(#[stable(feature = "rust1", since = "1.0.0")] T),
    |     ^^^^
    = note: this error originates in the macro `impl_specs_component_access` (in Nightly builds, run with -Z macro-backtrace for more info)

error[E0308]: mismatched types
   --> ecs\src\backends\specs_backend.rs:267:22
    |
267 |                 Some(self.world.write_storage::<$specs_component>())
    |                 ---- ^^^^^^^^^^^^^^^^^^^^^^^^^^^^^^^^^^^^^^^^^^^^^^ expected `MaskedStorage<SpecsActive>`, found `Storage<'_, SpecsActive, ...>`
    |                 |
    |                 arguments to this enum variant are incorrect
...
295 | impl_specs_component_access!(bool, SpecsActive);
    | ----------------------------------------------- in this macro invocation
    |
    = note: expected struct `MaskedStorage<SpecsActive>`
               found struct `Storage<'_, SpecsActive, FetchMut<'_, MaskedStorage<SpecsActive>>>`
help: the type constructed contains `Storage<'_, SpecsActive, FetchMut<'_, MaskedStorage<SpecsActive>>>` due to the type of the argument passed
   --> ecs\src\backends\specs_backend.rs:267:17
    |
267 |                 Some(self.world.write_storage::<$specs_component>())
    |                 ^^^^^----------------------------------------------^
    |                      |
    |                      this argument influences the type of `Some`
...
295 | impl_specs_component_access!(bool, SpecsActive);
    | ----------------------------------------------- in this macro invocation
note: tuple variant defined here
   --> C:\Users\XS Studio\.rustup\toolchains\stable-x86_64-pc-windows-msvc\lib/rustlib/src/rust\library\core\src\option.rs:599:5
    |
599 |     Some(#[stable(feature = "rust1", since = "1.0.0")] T),
    |     ^^^^
    = note: this error originates in the macro `impl_specs_component_access` (in Nightly builds, run with -Z macro-backtrace for more info)

error[E0308]: mismatched types
   --> ecs\src\backends\specs_backend.rs:261:22
    |
261 |                 Some(self.world.read_storage::<$specs_component>())
    |                 ---- ^^^^^^^^^^^^^^^^^^^^^^^^^^^^^^^^^^^^^^^^^^^^^ expected `MaskedStorage<SpecsLayer>`, found `Storage<'_, SpecsLayer, Fetch<'_, ...>>`
    |                 |
    |                 arguments to this enum variant are incorrect
...
296 | impl_specs_component_access!(u8, SpecsLayer);
    | -------------------------------------------- in this macro invocation
    |
    = note: expected struct `MaskedStorage<SpecsLayer>`
               found struct `Storage<'_, SpecsLayer, specs::shred::Fetch<'_, MaskedStorage<SpecsLayer>>>`
help: the type constructed contains `Storage<'_, SpecsLayer, specs::shred::Fetch<'_, MaskedStorage<SpecsLayer>>>` due to the type of the argument passed
   --> ecs\src\backends\specs_backend.rs:261:17
    |
261 |                 Some(self.world.read_storage::<$specs_component>())
    |                 ^^^^^---------------------------------------------^
    |                      |
    |                      this argument influences the type of `Some`
...
296 | impl_specs_component_access!(u8, SpecsLayer);
    | -------------------------------------------- in this macro invocation
note: tuple variant defined here
   --> C:\Users\XS Studio\.rustup\toolchains\stable-x86_64-pc-windows-msvc\lib/rustlib/src/rust\library\core\src\option.rs:599:5
    |
599 |     Some(#[stable(feature = "rust1", since = "1.0.0")] T),
    |     ^^^^
    = note: this error originates in the macro `impl_specs_component_access` (in Nightly builds, run with -Z macro-backtrace for more info)

error[E0308]: mismatched types
   --> ecs\src\backends\specs_backend.rs:267:22
    |
267 |                 Some(self.world.write_storage::<$specs_component>())
    |                 ---- ^^^^^^^^^^^^^^^^^^^^^^^^^^^^^^^^^^^^^^^^^^^^^^ expected `MaskedStorage<SpecsLayer>`, found `Storage<'_, SpecsLayer, ...>`
    |                 |
    |                 arguments to this enum variant are incorrect
...
296 | impl_specs_component_access!(u8, SpecsLayer);
    | -------------------------------------------- in this macro invocation
    |
    = note: expected struct `MaskedStorage<SpecsLayer>`
               found struct `Storage<'_, SpecsLayer, FetchMut<'_, MaskedStorage<SpecsLayer>>>`
help: the type constructed contains `Storage<'_, SpecsLayer, FetchMut<'_, MaskedStorage<SpecsLayer>>>` due to the type of the argument passed
   --> ecs\src\backends\specs_backend.rs:267:17
    |
267 |                 Some(self.world.write_storage::<$specs_component>())
    |                 ^^^^^----------------------------------------------^
    |                      |
    |                      this argument influences the type of `Some`
...
296 | impl_specs_component_access!(u8, SpecsLayer);
    | -------------------------------------------- in this macro invocation
note: tuple variant defined here
   --> C:\Users\XS Studio\.rustup\toolchains\stable-x86_64-pc-windows-msvc\lib/rustlib/src/rust\library\core\src\option.rs:599:5
    |
599 |     Some(#[stable(feature = "rust1", since = "1.0.0")] T),
    |     ^^^^
    = note: this error originates in the macro `impl_specs_component_access` (in Nightly builds, run with -Z macro-backtrace for more info)

error[E0308]: mismatched types
   --> ecs\src\backends\specs_backend.rs:261:22
    |
261 |                 Some(self.world.read_storage::<$specs_component>())
    |                 ---- ^^^^^^^^^^^^^^^^^^^^^^^^^^^^^^^^^^^^^^^^^^^^^ expected `MaskedStorage<SpecsName>`, found `Storage<'_, SpecsName, Fetch<'_, ...>>`
    |                 |
    |                 arguments to this enum variant are incorrect
...
297 | impl_specs_component_access!(String, SpecsName);
    | ----------------------------------------------- in this macro invocation
    |
    = note: expected struct `MaskedStorage<SpecsName>`
               found struct `Storage<'_, SpecsName, specs::shred::Fetch<'_, MaskedStorage<SpecsName>>>`
help: the type constructed contains `Storage<'_, SpecsName, specs::shred::Fetch<'_, MaskedStorage<SpecsName>>>` due to the type of the argument passed
   --> ecs\src\backends\specs_backend.rs:261:17
    |
261 |                 Some(self.world.read_storage::<$specs_component>())
    |                 ^^^^^---------------------------------------------^
    |                      |
    |                      this argument influences the type of `Some`
...
297 | impl_specs_component_access!(String, SpecsName);
    | ----------------------------------------------- in this macro invocation
note: tuple variant defined here
   --> C:\Users\XS Studio\.rustup\toolchains\stable-x86_64-pc-windows-msvc\lib/rustlib/src/rust\library\core\src\option.rs:599:5
    |
599 |     Some(#[stable(feature = "rust1", since = "1.0.0")] T),
    |     ^^^^
    = note: this error originates in the macro `impl_specs_component_access` (in Nightly builds, run with -Z macro-backtrace for more info)

error[E0308]: mismatched types
   --> ecs\src\backends\specs_backend.rs:267:22
    |
267 |                 Some(self.world.write_storage::<$specs_component>())
    |                 ---- ^^^^^^^^^^^^^^^^^^^^^^^^^^^^^^^^^^^^^^^^^^^^^^ expected `MaskedStorage<SpecsName>`, found `Storage<'_, SpecsName, ...>`
    |                 |
    |                 arguments to this enum variant are incorrect
...
297 | impl_specs_component_access!(String, SpecsName);
    | ----------------------------------------------- in this macro invocation
    |
    = note: expected struct `MaskedStorage<SpecsName>`
               found struct `Storage<'_, SpecsName, FetchMut<'_, MaskedStorage<SpecsName>>>`
help: the type constructed contains `Storage<'_, SpecsName, FetchMut<'_, MaskedStorage<SpecsName>>>` due to the type of the argument passed
   --> ecs\src\backends\specs_backend.rs:267:17
    |
267 |                 Some(self.world.write_storage::<$specs_component>())
    |                 ^^^^^----------------------------------------------^
    |                      |
    |                      this argument influences the type of `Some`
...
297 | impl_specs_component_access!(String, SpecsName);
    | ----------------------------------------------- in this macro invocation
note: tuple variant defined here
   --> C:\Users\XS Studio\.rustup\toolchains\stable-x86_64-pc-windows-msvc\lib/rustlib/src/rust\library\core\src\option.rs:599:5
    |
599 |     Some(#[stable(feature = "rust1", since = "1.0.0")] T),
    |     ^^^^
    = note: this error originates in the macro `impl_specs_component_access` (in Nightly builds, run with -Z macro-backtrace for more info)

error[E0308]: mismatched types
   --> ecs\src\backends\specs_backend.rs:261:22
    |
261 |                 Some(self.world.read_storage::<$specs_component>())
    |                 ---- ^^^^^^^^^^^^^^^^^^^^^^^^^^^^^^^^^^^^^^^^^^^^^ expected `MaskedStorage<SpecsSpriteSheet>`, found `Storage<'_, SpecsSpriteSheet, ...>`
    |                 |
    |                 arguments to this enum variant are incorrect
...
298 | impl_specs_component_access!(SpriteSheet, SpecsSpriteSheet);
    | ----------------------------------------------------------- in this macro invocation
    |
    = note: expected struct `MaskedStorage<SpecsSpriteSheet>`
               found struct `Storage<'_, SpecsSpriteSheet, specs::shred::Fetch<'_, MaskedStorage<SpecsSpriteSheet>>>`
help: the type constructed contains `Storage<'_, SpecsSpriteSheet, specs::shred::Fetch<'_, MaskedStorage<SpecsSpriteSheet>>>` due to the type of the argument passed
   --> ecs\src\backends\specs_backend.rs:261:17
    |
261 |                 Some(self.world.read_storage::<$specs_component>())
    |                 ^^^^^---------------------------------------------^
    |                      |
    |                      this argument influences the type of `Some`
...
298 | impl_specs_component_access!(SpriteSheet, SpecsSpriteSheet);
    | ----------------------------------------------------------- in this macro invocation
note: tuple variant defined here
   --> C:\Users\XS Studio\.rustup\toolchains\stable-x86_64-pc-windows-msvc\lib/rustlib/src/rust\library\core\src\option.rs:599:5
    |
599 |     Some(#[stable(feature = "rust1", since = "1.0.0")] T),
    |     ^^^^
    = note: this error originates in the macro `impl_specs_component_access` (in Nightly builds, run with -Z macro-backtrace for more info)

error[E0308]: mismatched types
   --> ecs\src\backends\specs_backend.rs:267:22
    |
267 |                 Some(self.world.write_storage::<$specs_component>())
    |                 ---- ^^^^^^^^^^^^^^^^^^^^^^^^^^^^^^^^^^^^^^^^^^^^^^ expected `MaskedStorage<SpecsSpriteSheet>`, found `Storage<'_, SpecsSpriteSheet, ...>`
    |                 |
    |                 arguments to this enum variant are incorrect
...
298 | impl_specs_component_access!(SpriteSheet, SpecsSpriteSheet);
    | ----------------------------------------------------------- in this macro invocation
    |
    = note: expected struct `MaskedStorage<SpecsSpriteSheet>`
               found struct `Storage<'_, SpecsSpriteSheet, FetchMut<'_, MaskedStorage<SpecsSpriteSheet>>>`
help: the type constructed contains `Storage<'_, SpecsSpriteSheet, FetchMut<'_, MaskedStorage<SpecsSpriteSheet>>>` due to the type of the argument passed
   --> ecs\src\backends\specs_backend.rs:267:17
    |
267 |                 Some(self.world.write_storage::<$specs_component>())
    |                 ^^^^^----------------------------------------------^
    |                      |
    |                      this argument influences the type of `Some`
...
298 | impl_specs_component_access!(SpriteSheet, SpecsSpriteSheet);
    | ----------------------------------------------------------- in this macro invocation
note: tuple variant defined here
   --> C:\Users\XS Studio\.rustup\toolchains\stable-x86_64-pc-windows-msvc\lib/rustlib/src/rust\library\core\src\option.rs:599:5
    |
599 |     Some(#[stable(feature = "rust1", since = "1.0.0")] T),
    |     ^^^^
    = note: this error originates in the macro `impl_specs_component_access` (in Nightly builds, run with -Z macro-backtrace for more info)

error[E0308]: mismatched types
   --> ecs\src\backends\specs_backend.rs:261:22
    |
261 |                 Some(self.world.read_storage::<$specs_component>())
    |                 ---- ^^^^^^^^^^^^^^^^^^^^^^^^^^^^^^^^^^^^^^^^^^^^^ expected `MaskedStorage<SpecsAnimatedSprite>`, found `Storage<'_, SpecsAnimatedSprite, ...>`
    |                 |
    |                 arguments to this enum variant are incorrect
...
299 | impl_specs_component_access!(AnimatedSprite, SpecsAnimatedSprite);
    | ----------------------------------------------------------------- in this macro invocation
    |
    = note: expected struct `MaskedStorage<SpecsAnimatedSprite>`
               found struct `Storage<'_, SpecsAnimatedSprite, specs::shred::Fetch<'_, MaskedStorage<SpecsAnimatedSprite>>>`
help: the type constructed contains `Storage<'_, SpecsAnimatedSprite, specs::shred::Fetch<'_, MaskedStorage<SpecsAnimatedSprite>>>` due to the type of the argument passed
   --> ecs\src\backends\specs_backend.rs:261:17
    |
261 |                 Some(self.world.read_storage::<$specs_component>())
    |                 ^^^^^---------------------------------------------^
    |                      |
    |                      this argument influences the type of `Some`
...
299 | impl_specs_component_access!(AnimatedSprite, SpecsAnimatedSprite);
    | ----------------------------------------------------------------- in this macro invocation
note: tuple variant defined here
   --> C:\Users\XS Studio\.rustup\toolchains\stable-x86_64-pc-windows-msvc\lib/rustlib/src/rust\library\core\src\option.rs:599:5
    |
599 |     Some(#[stable(feature = "rust1", since = "1.0.0")] T),
    |     ^^^^
    = note: this error originates in the macro `impl_specs_component_access` (in Nightly builds, run with -Z macro-backtrace for more info)

error[E0308]: mismatched types
   --> ecs\src\backends\specs_backend.rs:267:22
    |
267 |                 Some(self.world.write_storage::<$specs_component>())
    |                 ---- ^^^^^^^^^^^^^^^^^^^^^^^^^^^^^^^^^^^^^^^^^^^^^^ expected `MaskedStorage<SpecsAnimatedSprite>`, found `Storage<'_, SpecsAnimatedSprite, ...>`
    |                 |
    |                 arguments to this enum variant are incorrect
...
299 | impl_specs_component_access!(AnimatedSprite, SpecsAnimatedSprite);
    | ----------------------------------------------------------------- in this macro invocation
    |
    = note: expected struct `MaskedStorage<SpecsAnimatedSprite>`
               found struct `Storage<'_, SpecsAnimatedSprite, FetchMut<'_, MaskedStorage<SpecsAnimatedSprite>>>`
help: the type constructed contains `Storage<'_, SpecsAnimatedSprite, FetchMut<'_, MaskedStorage<SpecsAnimatedSprite>>>` due to the type of the argument passed
   --> ecs\src\backends\specs_backend.rs:267:17
    |
267 |                 Some(self.world.write_storage::<$specs_component>())
    |                 ^^^^^----------------------------------------------^
    |                      |
    |                      this argument influences the type of `Some`
...
299 | impl_specs_component_access!(AnimatedSprite, SpecsAnimatedSprite);
    | ----------------------------------------------------------------- in this macro invocation
note: tuple variant defined here
   --> C:\Users\XS Studio\.rustup\toolchains\stable-x86_64-pc-windows-msvc\lib/rustlib/src/rust\library\core\src\option.rs:599:5
    |
599 |     Some(#[stable(feature = "rust1", since = "1.0.0")] T),
    |     ^^^^
    = note: this error originates in the macro `impl_specs_component_access` (in Nightly builds, run with -Z macro-backtrace for more info)

error[E0308]: mismatched types
   --> ecs\src\backends\specs_backend.rs:261:22
    |
261 |                 Some(self.world.read_storage::<$specs_component>())
    |                 ---- ^^^^^^^^^^^^^^^^^^^^^^^^^^^^^^^^^^^^^^^^^^^^^ expected `MaskedStorage<SpecsTilemap>`, found `Storage<'_, SpecsTilemap, ...>`
    |                 |
    |                 arguments to this enum variant are incorrect
...
300 | impl_specs_component_access!(Tilemap, SpecsTilemap);
    | --------------------------------------------------- in this macro invocation
    |
    = note: expected struct `MaskedStorage<SpecsTilemap>`
               found struct `Storage<'_, SpecsTilemap, specs::shred::Fetch<'_, MaskedStorage<SpecsTilemap>>>`
help: the type constructed contains `Storage<'_, SpecsTilemap, specs::shred::Fetch<'_, MaskedStorage<SpecsTilemap>>>` due to the type of the argument passed
   --> ecs\src\backends\specs_backend.rs:261:17
    |
261 |                 Some(self.world.read_storage::<$specs_component>())
    |                 ^^^^^---------------------------------------------^
    |                      |
    |                      this argument influences the type of `Some`
...
300 | impl_specs_component_access!(Tilemap, SpecsTilemap);
    | --------------------------------------------------- in this macro invocation
note: tuple variant defined here
   --> C:\Users\XS Studio\.rustup\toolchains\stable-x86_64-pc-windows-msvc\lib/rustlib/src/rust\library\core\src\option.rs:599:5
    |
599 |     Some(#[stable(feature = "rust1", since = "1.0.0")] T),
    |     ^^^^
    = note: this error originates in the macro `impl_specs_component_access` (in Nightly builds, run with -Z macro-backtrace for more info)

error[E0308]: mismatched types
   --> ecs\src\backends\specs_backend.rs:267:22
    |
267 |                 Some(self.world.write_storage::<$specs_component>())
    |                 ---- ^^^^^^^^^^^^^^^^^^^^^^^^^^^^^^^^^^^^^^^^^^^^^^ expected `MaskedStorage<SpecsTilemap>`, found `Storage<'_, SpecsTilemap, ...>`
    |                 |
    |                 arguments to this enum variant are incorrect
...
300 | impl_specs_component_access!(Tilemap, SpecsTilemap);
    | --------------------------------------------------- in this macro invocation
    |
    = note: expected struct `MaskedStorage<SpecsTilemap>`
               found struct `Storage<'_, SpecsTilemap, FetchMut<'_, MaskedStorage<SpecsTilemap>>>`
help: the type constructed contains `Storage<'_, SpecsTilemap, FetchMut<'_, MaskedStorage<SpecsTilemap>>>` due to the type of the argument passed
   --> ecs\src\backends\specs_backend.rs:267:17
    |
267 |                 Some(self.world.write_storage::<$specs_component>())
    |                 ^^^^^----------------------------------------------^
    |                      |
    |                      this argument influences the type of `Some`
...
300 | impl_specs_component_access!(Tilemap, SpecsTilemap);
    | --------------------------------------------------- in this macro invocation
note: tuple variant defined here
   --> C:\Users\XS Studio\.rustup\toolchains\stable-x86_64-pc-windows-msvc\lib/rustlib/src/rust\library\core\src\option.rs:599:5
    |
599 |     Some(#[stable(feature = "rust1", since = "1.0.0")] T),
    |     ^^^^
    = note: this error originates in the macro `impl_specs_component_access` (in Nightly builds, run with -Z macro-backtrace for more info)

error[E0308]: mismatched types
   --> ecs\src\backends\specs_backend.rs:261:22
    |
261 |                 Some(self.world.read_storage::<$specs_component>())
    |                 ---- ^^^^^^^^^^^^^^^^^^^^^^^^^^^^^^^^^^^^^^^^^^^^^ expected `MaskedStorage<SpecsTileSet>`, found `Storage<'_, SpecsTileSet, ...>`
    |                 |
    |                 arguments to this enum variant are incorrect
...
301 | impl_specs_component_access!(TileSet, SpecsTileSet);
    | --------------------------------------------------- in this macro invocation
    |
    = note: expected struct `MaskedStorage<SpecsTileSet>`
               found struct `Storage<'_, SpecsTileSet, specs::shred::Fetch<'_, MaskedStorage<SpecsTileSet>>>`
help: the type constructed contains `Storage<'_, SpecsTileSet, specs::shred::Fetch<'_, MaskedStorage<SpecsTileSet>>>` due to the type of the argument passed
   --> ecs\src\backends\specs_backend.rs:261:17
    |
261 |                 Some(self.world.read_storage::<$specs_component>())
    |                 ^^^^^---------------------------------------------^
    |                      |
    |                      this argument influences the type of `Some`
...
301 | impl_specs_component_access!(TileSet, SpecsTileSet);
    | --------------------------------------------------- in this macro invocation
note: tuple variant defined here
   --> C:\Users\XS Studio\.rustup\toolchains\stable-x86_64-pc-windows-msvc\lib/rustlib/src/rust\library\core\src\option.rs:599:5
    |
599 |     Some(#[stable(feature = "rust1", since = "1.0.0")] T),
    |     ^^^^
    = note: this error originates in the macro `impl_specs_component_access` (in Nightly builds, run with -Z macro-backtrace for more info)

error[E0308]: mismatched types
   --> ecs\src\backends\specs_backend.rs:267:22
    |
267 |                 Some(self.world.write_storage::<$specs_component>())
    |                 ---- ^^^^^^^^^^^^^^^^^^^^^^^^^^^^^^^^^^^^^^^^^^^^^^ expected `MaskedStorage<SpecsTileSet>`, found `Storage<'_, SpecsTileSet, ...>`
    |                 |
    |                 arguments to this enum variant are incorrect
...
301 | impl_specs_component_access!(TileSet, SpecsTileSet);
    | --------------------------------------------------- in this macro invocation
    |
    = note: expected struct `MaskedStorage<SpecsTileSet>`
               found struct `Storage<'_, SpecsTileSet, FetchMut<'_, MaskedStorage<SpecsTileSet>>>`
help: the type constructed contains `Storage<'_, SpecsTileSet, FetchMut<'_, MaskedStorage<SpecsTileSet>>>` due to the type of the argument passed
   --> ecs\src\backends\specs_backend.rs:267:17
    |
267 |                 Some(self.world.write_storage::<$specs_component>())
    |                 ^^^^^----------------------------------------------^
    |                      |
    |                      this argument influences the type of `Some`
...
301 | impl_specs_component_access!(TileSet, SpecsTileSet);
    | --------------------------------------------------- in this macro invocation
note: tuple variant defined here
   --> C:\Users\XS Studio\.rustup\toolchains\stable-x86_64-pc-windows-msvc\lib/rustlib/src/rust\library\core\src\option.rs:599:5
    |
599 |     Some(#[stable(feature = "rust1", since = "1.0.0")] T),
    |     ^^^^
    = note: this error originates in the macro `impl_specs_component_access` (in Nightly builds, run with -Z macro-backtrace for more info)

error[E0308]: mismatched types
   --> ecs\src\backends\specs_backend.rs:261:22
    |
261 |                 Some(self.world.read_storage::<$specs_component>())
    |                 ---- ^^^^^^^^^^^^^^^^^^^^^^^^^^^^^^^^^^^^^^^^^^^^^ expected `MaskedStorage<SpecsTilemapRenderer>`, found `Storage<'_, SpecsTilemapRenderer, ...>`
    |                 |
    |                 arguments to this enum variant are incorrect
...
302 | impl_specs_component_access!(TilemapRenderer, SpecsTilemapRenderer);
    | ------------------------------------------------------------------- in this macro invocation
    |
    = note: expected struct `MaskedStorage<SpecsTilemapRenderer>`
               found struct `Storage<'_, SpecsTilemapRenderer, specs::shred::Fetch<'_, MaskedStorage<SpecsTilemapRenderer>>>`
help: the type constructed contains `Storage<'_, SpecsTilemapRenderer, specs::shred::Fetch<'_, MaskedStorage<SpecsTilemapRenderer>>>` due to the type of the argument passed
   --> ecs\src\backends\specs_backend.rs:261:17
    |
261 |                 Some(self.world.read_storage::<$specs_component>())
    |                 ^^^^^---------------------------------------------^
    |                      |
    |                      this argument influences the type of `Some`
...
302 | impl_specs_component_access!(TilemapRenderer, SpecsTilemapRenderer);
    | ------------------------------------------------------------------- in this macro invocation
note: tuple variant defined here
   --> C:\Users\XS Studio\.rustup\toolchains\stable-x86_64-pc-windows-msvc\lib/rustlib/src/rust\library\core\src\option.rs:599:5
    |
599 |     Some(#[stable(feature = "rust1", since = "1.0.0")] T),
    |     ^^^^
    = note: this error originates in the macro `impl_specs_component_access` (in Nightly builds, run with -Z macro-backtrace for more info)

error[E0308]: mismatched types
   --> ecs\src\backends\specs_backend.rs:267:22
    |
267 |                 Some(self.world.write_storage::<$specs_component>())
    |                 ---- ^^^^^^^^^^^^^^^^^^^^^^^^^^^^^^^^^^^^^^^^^^^^^^ expected `MaskedStorage<SpecsTilemapRenderer>`, found `Storage<'_, SpecsTilemapRenderer, ...>`
    |                 |
    |                 arguments to this enum variant are incorrect
...
302 | impl_specs_component_access!(TilemapRenderer, SpecsTilemapRenderer);
    | ------------------------------------------------------------------- in this macro invocation
    |
    = note: expected struct `MaskedStorage<SpecsTilemapRenderer>`
               found struct `Storage<'_, SpecsTilemapRenderer, FetchMut<'_, MaskedStorage<SpecsTilemapRenderer>>>`
help: the type constructed contains `Storage<'_, SpecsTilemapRenderer, FetchMut<'_, MaskedStorage<SpecsTilemapRenderer>>>` due to the type of the argument passed
   --> ecs\src\backends\specs_backend.rs:267:17
    |
267 |                 Some(self.world.write_storage::<$specs_component>())
    |                 ^^^^^----------------------------------------------^
    |                      |
    |                      this argument influences the type of `Some`
...
302 | impl_specs_component_access!(TilemapRenderer, SpecsTilemapRenderer);
    | ------------------------------------------------------------------- in this macro invocation
note: tuple variant defined here
   --> C:\Users\XS Studio\.rustup\toolchains\stable-x86_64-pc-windows-msvc\lib/rustlib/src/rust\library\core\src\option.rs:599:5
    |
599 |     Some(#[stable(feature = "rust1", since = "1.0.0")] T),
    |     ^^^^
    = note: this error originates in the macro `impl_specs_component_access` (in Nightly builds, run with -Z macro-backtrace for more info)

error[E0308]: mismatched types
   --> ecs\src\backends\specs_backend.rs:261:22
    |
261 |                 Some(self.world.read_storage::<$specs_component>())
    |                 ---- ^^^^^^^^^^^^^^^^^^^^^^^^^^^^^^^^^^^^^^^^^^^^^ expected `MaskedStorage<SpecsMap>`, found `Storage<'_, SpecsMap, Fetch<'_, ...>>`
    |                 |
    |                 arguments to this enum variant are incorrect
...
303 | impl_specs_component_access!(Map, SpecsMap);
    | ------------------------------------------- in this macro invocation
    |
    = note: expected struct `MaskedStorage<SpecsMap>`
               found struct `Storage<'_, SpecsMap, specs::shred::Fetch<'_, MaskedStorage<SpecsMap>>>`
help: the type constructed contains `Storage<'_, SpecsMap, specs::shred::Fetch<'_, MaskedStorage<SpecsMap>>>` due to the type of the argument passed
   --> ecs\src\backends\specs_backend.rs:261:17
    |
261 |                 Some(self.world.read_storage::<$specs_component>())
    |                 ^^^^^---------------------------------------------^
    |                      |
    |                      this argument influences the type of `Some`
...
303 | impl_specs_component_access!(Map, SpecsMap);
    | ------------------------------------------- in this macro invocation
note: tuple variant defined here
   --> C:\Users\XS Studio\.rustup\toolchains\stable-x86_64-pc-windows-msvc\lib/rustlib/src/rust\library\core\src\option.rs:599:5
    |
599 |     Some(#[stable(feature = "rust1", since = "1.0.0")] T),
    |     ^^^^
    = note: this error originates in the macro `impl_specs_component_access` (in Nightly builds, run with -Z macro-backtrace for more info)

error[E0308]: mismatched types
   --> ecs\src\backends\specs_backend.rs:267:22
    |
267 |                 Some(self.world.write_storage::<$specs_component>())
    |                 ---- ^^^^^^^^^^^^^^^^^^^^^^^^^^^^^^^^^^^^^^^^^^^^^^ expected `MaskedStorage<SpecsMap>`, found `Storage<'_, SpecsMap, FetchMut<'_, ...>>`
    |                 |
    |                 arguments to this enum variant are incorrect
...
303 | impl_specs_component_access!(Map, SpecsMap);
    | ------------------------------------------- in this macro invocation
    |
    = note: expected struct `MaskedStorage<SpecsMap>`
               found struct `Storage<'_, SpecsMap, FetchMut<'_, MaskedStorage<SpecsMap>>>`
help: the type constructed contains `Storage<'_, SpecsMap, FetchMut<'_, MaskedStorage<SpecsMap>>>` due to the type of the argument passed
   --> ecs\src\backends\specs_backend.rs:267:17
    |
267 |                 Some(self.world.write_storage::<$specs_component>())
    |                 ^^^^^----------------------------------------------^
    |                      |
    |                      this argument influences the type of `Some`
...
303 | impl_specs_component_access!(Map, SpecsMap);
    | ------------------------------------------- in this macro invocation
note: tuple variant defined here
   --> C:\Users\XS Studio\.rustup\toolchains\stable-x86_64-pc-windows-msvc\lib/rustlib/src/rust\library\core\src\option.rs:599:5
    |
599 |     Some(#[stable(feature = "rust1", since = "1.0.0")] T),
    |     ^^^^
    = note: this error originates in the macro `impl_specs_component_access` (in Nightly builds, run with -Z macro-backtrace for more info)

error[E0308]: mismatched types
   --> ecs\src\backends\specs_backend.rs:261:22
    |
261 |                 Some(self.world.read_storage::<$specs_component>())
    |                 ---- ^^^^^^^^^^^^^^^^^^^^^^^^^^^^^^^^^^^^^^^^^^^^^ expected `MaskedStorage<SpecsGrid>`, found `Storage<'_, SpecsGrid, Fetch<'_, ...>>`
    |                 |
    |                 arguments to this enum variant are incorrect
...
304 | impl_specs_component_access!(Grid, SpecsGrid);
    | --------------------------------------------- in this macro invocation
    |
    = note: expected struct `MaskedStorage<SpecsGrid>`
               found struct `Storage<'_, SpecsGrid, specs::shred::Fetch<'_, MaskedStorage<SpecsGrid>>>`
help: the type constructed contains `Storage<'_, SpecsGrid, specs::shred::Fetch<'_, MaskedStorage<SpecsGrid>>>` due to the type of the argument passed
   --> ecs\src\backends\specs_backend.rs:261:17
    |
261 |                 Some(self.world.read_storage::<$specs_component>())
    |                 ^^^^^---------------------------------------------^
    |                      |
    |                      this argument influences the type of `Some`
...
304 | impl_specs_component_access!(Grid, SpecsGrid);
    | --------------------------------------------- in this macro invocation
note: tuple variant defined here
   --> C:\Users\XS Studio\.rustup\toolchains\stable-x86_64-pc-windows-msvc\lib/rustlib/src/rust\library\core\src\option.rs:599:5
    |
599 |     Some(#[stable(feature = "rust1", since = "1.0.0")] T),
    |     ^^^^
    = note: this error originates in the macro `impl_specs_component_access` (in Nightly builds, run with -Z macro-backtrace for more info)

error[E0308]: mismatched types
   --> ecs\src\backends\specs_backend.rs:267:22
    |
267 |                 Some(self.world.write_storage::<$specs_component>())
    |                 ---- ^^^^^^^^^^^^^^^^^^^^^^^^^^^^^^^^^^^^^^^^^^^^^^ expected `MaskedStorage<SpecsGrid>`, found `Storage<'_, SpecsGrid, ...>`
    |                 |
    |                 arguments to this enum variant are incorrect
...
304 | impl_specs_component_access!(Grid, SpecsGrid);
    | --------------------------------------------- in this macro invocation
    |
    = note: expected struct `MaskedStorage<SpecsGrid>`
               found struct `Storage<'_, SpecsGrid, FetchMut<'_, MaskedStorage<SpecsGrid>>>`
help: the type constructed contains `Storage<'_, SpecsGrid, FetchMut<'_, MaskedStorage<SpecsGrid>>>` due to the type of the argument passed
   --> ecs\src\backends\specs_backend.rs:267:17
    |
267 |                 Some(self.world.write_storage::<$specs_component>())
    |                 ^^^^^----------------------------------------------^
    |                      |
    |                      this argument influences the type of `Some`
...
304 | impl_specs_component_access!(Grid, SpecsGrid);
    | --------------------------------------------- in this macro invocation
note: tuple variant defined here
   --> C:\Users\XS Studio\.rustup\toolchains\stable-x86_64-pc-windows-msvc\lib/rustlib/src/rust\library\core\src\option.rs:599:5
    |
599 |     Some(#[stable(feature = "rust1", since = "1.0.0")] T),
    |     ^^^^
    = note: this error originates in the macro `impl_specs_component_access` (in Nightly builds, run with -Z macro-backtrace for more info)

error[E0308]: mismatched types
   --> ecs\src\backends\specs_backend.rs:261:22
    |
261 |                 Some(self.world.read_storage::<$specs_component>())
    |                 ---- ^^^^^^^^^^^^^^^^^^^^^^^^^^^^^^^^^^^^^^^^^^^^^ expected `MaskedStorage<SpecsWorldUI>`, found `Storage<'_, SpecsWorldUI, ...>`
    |                 |
    |                 arguments to this enum variant are incorrect
...
305 | impl_specs_component_access!(WorldUI, SpecsWorldUI);
    | --------------------------------------------------- in this macro invocation
    |
    = note: expected struct `MaskedStorage<SpecsWorldUI>`
               found struct `Storage<'_, SpecsWorldUI, specs::shred::Fetch<'_, MaskedStorage<SpecsWorldUI>>>`
help: the type constructed contains `Storage<'_, SpecsWorldUI, specs::shred::Fetch<'_, MaskedStorage<SpecsWorldUI>>>` due to the type of the argument passed
   --> ecs\src\backends\specs_backend.rs:261:17
    |
261 |                 Some(self.world.read_storage::<$specs_component>())
    |                 ^^^^^---------------------------------------------^
    |                      |
    |                      this argument influences the type of `Some`
...
305 | impl_specs_component_access!(WorldUI, SpecsWorldUI);
    | --------------------------------------------------- in this macro invocation
note: tuple variant defined here
   --> C:\Users\XS Studio\.rustup\toolchains\stable-x86_64-pc-windows-msvc\lib/rustlib/src/rust\library\core\src\option.rs:599:5
    |
599 |     Some(#[stable(feature = "rust1", since = "1.0.0")] T),
    |     ^^^^
    = note: this error originates in the macro `impl_specs_component_access` (in Nightly builds, run with -Z macro-backtrace for more info)

error[E0308]: mismatched types
   --> ecs\src\backends\specs_backend.rs:267:22
    |
267 |                 Some(self.world.write_storage::<$specs_component>())
    |                 ---- ^^^^^^^^^^^^^^^^^^^^^^^^^^^^^^^^^^^^^^^^^^^^^^ expected `MaskedStorage<SpecsWorldUI>`, found `Storage<'_, SpecsWorldUI, ...>`
    |                 |
    |                 arguments to this enum variant are incorrect
...
305 | impl_specs_component_access!(WorldUI, SpecsWorldUI);
    | --------------------------------------------------- in this macro invocation
    |
    = note: expected struct `MaskedStorage<SpecsWorldUI>`
               found struct `Storage<'_, SpecsWorldUI, FetchMut<'_, MaskedStorage<SpecsWorldUI>>>`
help: the type constructed contains `Storage<'_, SpecsWorldUI, FetchMut<'_, MaskedStorage<SpecsWorldUI>>>` due to the type of the argument passed
   --> ecs\src\backends\specs_backend.rs:267:17
    |
267 |                 Some(self.world.write_storage::<$specs_component>())
    |                 ^^^^^----------------------------------------------^
    |                      |
    |                      this argument influences the type of `Some`
...
305 | impl_specs_component_access!(WorldUI, SpecsWorldUI);
    | --------------------------------------------------- in this macro invocation
note: tuple variant defined here
   --> C:\Users\XS Studio\.rustup\toolchains\stable-x86_64-pc-windows-msvc\lib/rustlib/src/rust\library\core\src\option.rs:599:5
    |
599 |     Some(#[stable(feature = "rust1", since = "1.0.0")] T),
    |     ^^^^
    = note: this error originates in the macro `impl_specs_component_access` (in Nightly builds, run with -Z macro-backtrace for more info)

error[E0308]: mismatched types
   --> ecs\src\backends\specs_backend.rs:261:22
    |
261 |                 Some(self.world.read_storage::<$specs_component>())
    |                 ---- ^^^^^^^^^^^^^^^^^^^^^^^^^^^^^^^^^^^^^^^^^^^^^ expected `MaskedStorage<SpecsLdtkMap>`, found `Storage<'_, SpecsLdtkMap, ...>`
    |                 |
    |                 arguments to this enum variant are incorrect
...
306 | impl_specs_component_access!(LdtkMap, SpecsLdtkMap);
    | --------------------------------------------------- in this macro invocation
    |
    = note: expected struct `MaskedStorage<SpecsLdtkMap>`
               found struct `Storage<'_, SpecsLdtkMap, specs::shred::Fetch<'_, MaskedStorage<SpecsLdtkMap>>>`
help: the type constructed contains `Storage<'_, SpecsLdtkMap, specs::shred::Fetch<'_, MaskedStorage<SpecsLdtkMap>>>` due to the type of the argument passed
   --> ecs\src\backends\specs_backend.rs:261:17
    |
261 |                 Some(self.world.read_storage::<$specs_component>())
    |                 ^^^^^---------------------------------------------^
    |                      |
    |                      this argument influences the type of `Some`
...
306 | impl_specs_component_access!(LdtkMap, SpecsLdtkMap);
    | --------------------------------------------------- in this macro invocation
note: tuple variant defined here
   --> C:\Users\XS Studio\.rustup\toolchains\stable-x86_64-pc-windows-msvc\lib/rustlib/src/rust\library\core\src\option.rs:599:5
    |
599 |     Some(#[stable(feature = "rust1", since = "1.0.0")] T),
    |     ^^^^
    = note: this error originates in the macro `impl_specs_component_access` (in Nightly builds, run with -Z macro-backtrace for more info)

error[E0308]: mismatched types
   --> ecs\src\backends\specs_backend.rs:267:22
    |
267 |                 Some(self.world.write_storage::<$specs_component>())
    |                 ---- ^^^^^^^^^^^^^^^^^^^^^^^^^^^^^^^^^^^^^^^^^^^^^^ expected `MaskedStorage<SpecsLdtkMap>`, found `Storage<'_, SpecsLdtkMap, ...>`
    |                 |
    |                 arguments to this enum variant are incorrect
...
306 | impl_specs_component_access!(LdtkMap, SpecsLdtkMap);
    | --------------------------------------------------- in this macro invocation
    |
    = note: expected struct `MaskedStorage<SpecsLdtkMap>`
               found struct `Storage<'_, SpecsLdtkMap, FetchMut<'_, MaskedStorage<SpecsLdtkMap>>>`
help: the type constructed contains `Storage<'_, SpecsLdtkMap, FetchMut<'_, MaskedStorage<SpecsLdtkMap>>>` due to the type of the argument passed
   --> ecs\src\backends\specs_backend.rs:267:17
    |
267 |                 Some(self.world.write_storage::<$specs_component>())
    |                 ^^^^^----------------------------------------------^
    |                      |
    |                      this argument influences the type of `Some`
...
306 | impl_specs_component_access!(LdtkMap, SpecsLdtkMap);
    | --------------------------------------------------- in this macro invocation
note: tuple variant defined here
   --> C:\Users\XS Studio\.rustup\toolchains\stable-x86_64-pc-windows-msvc\lib/rustlib/src/rust\library\core\src\option.rs:599:5
    |
599 |     Some(#[stable(feature = "rust1", since = "1.0.0")] T),
    |     ^^^^
    = note: this error originates in the macro `impl_specs_component_access` (in Nightly builds, run with -Z macro-backtrace for more info)

error[E0308]: mismatched types
   --> ecs\src\backends\specs_backend.rs:261:22
    |
261 |                 Some(self.world.read_storage::<$specs_component>())
    |                 ---- ^^^^^^^^^^^^^^^^^^^^^^^^^^^^^^^^^^^^^^^^^^^^^ expected `MaskedStorage<SpecsTilemapCollider>`, found `Storage<'_, SpecsTilemapCollider, ...>`
    |                 |
    |                 arguments to this enum variant are incorrect
...
307 | impl_specs_component_access!(TilemapCollider, SpecsTilemapCollider);
    | ------------------------------------------------------------------- in this macro invocation
    |
    = note: expected struct `MaskedStorage<SpecsTilemapCollider>`
               found struct `Storage<'_, SpecsTilemapCollider, specs::shred::Fetch<'_, MaskedStorage<SpecsTilemapCollider>>>`
help: the type constructed contains `Storage<'_, SpecsTilemapCollider, specs::shred::Fetch<'_, MaskedStorage<SpecsTilemapCollider>>>` due to the type of the argument passed
   --> ecs\src\backends\specs_backend.rs:261:17
    |
261 |                 Some(self.world.read_storage::<$specs_component>())
    |                 ^^^^^---------------------------------------------^
    |                      |
    |                      this argument influences the type of `Some`
...
307 | impl_specs_component_access!(TilemapCollider, SpecsTilemapCollider);
    | ------------------------------------------------------------------- in this macro invocation
note: tuple variant defined here
   --> C:\Users\XS Studio\.rustup\toolchains\stable-x86_64-pc-windows-msvc\lib/rustlib/src/rust\library\core\src\option.rs:599:5
    |
599 |     Some(#[stable(feature = "rust1", since = "1.0.0")] T),
    |     ^^^^
    = note: this error originates in the macro `impl_specs_component_access` (in Nightly builds, run with -Z macro-backtrace for more info)

error[E0308]: mismatched types
   --> ecs\src\backends\specs_backend.rs:267:22
    |
267 |                 Some(self.world.write_storage::<$specs_component>())
    |                 ---- ^^^^^^^^^^^^^^^^^^^^^^^^^^^^^^^^^^^^^^^^^^^^^^ expected `MaskedStorage<SpecsTilemapCollider>`, found `Storage<'_, SpecsTilemapCollider, ...>`
    |                 |
    |                 arguments to this enum variant are incorrect
...
307 | impl_specs_component_access!(TilemapCollider, SpecsTilemapCollider);
    | ------------------------------------------------------------------- in this macro invocation
    |
    = note: expected struct `MaskedStorage<SpecsTilemapCollider>`
               found struct `Storage<'_, SpecsTilemapCollider, FetchMut<'_, MaskedStorage<SpecsTilemapCollider>>>`
help: the type constructed contains `Storage<'_, SpecsTilemapCollider, FetchMut<'_, MaskedStorage<SpecsTilemapCollider>>>` due to the type of the argument passed
   --> ecs\src\backends\specs_backend.rs:267:17
    |
267 |                 Some(self.world.write_storage::<$specs_component>())
    |                 ^^^^^----------------------------------------------^
    |                      |
    |                      this argument influences the type of `Some`
...
307 | impl_specs_component_access!(TilemapCollider, SpecsTilemapCollider);
    | ------------------------------------------------------------------- in this macro invocation
note: tuple variant defined here
   --> C:\Users\XS Studio\.rustup\toolchains\stable-x86_64-pc-windows-msvc\lib/rustlib/src/rust\library\core\src\option.rs:599:5
    |
599 |     Some(#[stable(feature = "rust1", since = "1.0.0")] T),
    |     ^^^^
    = note: this error originates in the macro `impl_specs_component_access` (in Nightly builds, run with -Z macro-backtrace for more info)

error[E0308]: mismatched types
   --> ecs\src\backends\specs_backend.rs:261:22
    |
261 |                 Some(self.world.read_storage::<$specs_component>())
    |                 ---- ^^^^^^^^^^^^^^^^^^^^^^^^^^^^^^^^^^^^^^^^^^^^^ expected `MaskedStorage<SpecsLdtkIntGridCollider>`, found `Storage<'_, ..., ...>`
    |                 |
    |                 arguments to this enum variant are incorrect
...
308 | impl_specs_component_access!(LdtkIntGridCollider, SpecsLdtkIntGridCollider);
    | --------------------------------------------------------------------------- in this macro invocation
    |
    = note: expected struct `MaskedStorage<SpecsLdtkIntGridCollider>`
               found struct `Storage<'_, SpecsLdtkIntGridCollider, specs::shred::Fetch<'_, MaskedStorage<SpecsLdtkIntGridCollider>>>`
help: the type constructed contains `Storage<'_, SpecsLdtkIntGridCollider, specs::shred::Fetch<'_, MaskedStorage<SpecsLdtkIntGridCollider>>>` due to the type of the argument passed
   --> ecs\src\backends\specs_backend.rs:261:17
    |
261 |                 Some(self.world.read_storage::<$specs_component>())
    |                 ^^^^^---------------------------------------------^
    |                      |
    |                      this argument influences the type of `Some`
...
308 | impl_specs_component_access!(LdtkIntGridCollider, SpecsLdtkIntGridCollider);
    | --------------------------------------------------------------------------- in this macro invocation
note: tuple variant defined here
   --> C:\Users\XS Studio\.rustup\toolchains\stable-x86_64-pc-windows-msvc\lib/rustlib/src/rust\library\core\src\option.rs:599:5
    |
599 |     Some(#[stable(feature = "rust1", since = "1.0.0")] T),
    |     ^^^^
    = note: this error originates in the macro `impl_specs_component_access` (in Nightly builds, run with -Z macro-backtrace for more info)

error[E0308]: mismatched types
   --> ecs\src\backends\specs_backend.rs:267:22
    |
267 |                 Some(self.world.write_storage::<$specs_component>())
    |                 ---- ^^^^^^^^^^^^^^^^^^^^^^^^^^^^^^^^^^^^^^^^^^^^^^ expected `MaskedStorage<SpecsLdtkIntGridCollider>`, found `Storage<'_, ..., ...>`
    |                 |
    |                 arguments to this enum variant are incorrect
...
308 | impl_specs_component_access!(LdtkIntGridCollider, SpecsLdtkIntGridCollider);
    | --------------------------------------------------------------------------- in this macro invocation
    |
    = note: expected struct `MaskedStorage<SpecsLdtkIntGridCollider>`
               found struct `Storage<'_, SpecsLdtkIntGridCollider, FetchMut<'_, MaskedStorage<SpecsLdtkIntGridCollider>>>`
help: the type constructed contains `Storage<'_, SpecsLdtkIntGridCollider, FetchMut<'_, MaskedStorage<SpecsLdtkIntGridCollider>>>` due to the type of the argument passed
   --> ecs\src\backends\specs_backend.rs:267:17
    |
267 |                 Some(self.world.write_storage::<$specs_component>())
    |                 ^^^^^----------------------------------------------^
    |                      |
    |                      this argument influences the type of `Some`
...
308 | impl_specs_component_access!(LdtkIntGridCollider, SpecsLdtkIntGridCollider);
    | --------------------------------------------------------------------------- in this macro invocation
note: tuple variant defined here
   --> C:\Users\XS Studio\.rustup\toolchains\stable-x86_64-pc-windows-msvc\lib/rustlib/src/rust\library\core\src\option.rs:599:5
    |
599 |     Some(#[stable(feature = "rust1", since = "1.0.0")] T),
    |     ^^^^
    = note: this error originates in the macro `impl_specs_component_access` (in Nightly builds, run with -Z macro-backtrace for more info)

error[E0308]: mismatched types
   --> ecs\src\backends\bevy_backend.rs:161:9
    |
160 |     fn entity_count(&self) -> usize {
    |                               ----- expected `usize` because of return type
161 |         self.world.entities().len()
    |         ^^^^^^^^^^^^^^^^^^^^^^^^^^^ expected `usize`, found `u32`
    |
help: you can convert a `u32` to a `usize` and panic if the converted value doesn't fit
    |
161 |         self.world.entities().len().try_into().unwrap()
    |                                    ++++++++++++++++++++

error[E0599]: no function or associated item named `from_id` found for struct `specs::Entity` in the current scope
   --> ecs\src\backends\chooser.rs:246:51
    |
246 |                 let specs_entity = specs::Entity::from_id(entity, specs::world::Generation::new(1));
    |                                                   ^^^^^^^ function or associated item not found in `specs::Entity`
    |
help: there is an associated function `from` with a similar name
   --> C:\Users\XS Studio\.rustup\toolchains\stable-x86_64-pc-windows-msvc\lib/rustlib/src/rust\library\core\src\convert\mod.rs:588:5
    |
588 |     fn from(value: T) -> Self;
    |     ^^^^^^^^^^^^^^^^^^^^^^^^^^

error[E0599]: no function or associated item named `new` found for struct `Generation` in the current scope
   --> ecs\src\backends\chooser.rs:246:93
    |
246 |                 let specs_entity = specs::Entity::from_id(entity, specs::world::Generation::new(1));
    |                                                                                             ^^^ function or associated item not found in `Generation`
    |
help: there is a method `ne` with a similar name
    |
246 -                 let specs_entity = specs::Entity::from_id(entity, specs::world::Generation::new(1));
246 +                 let specs_entity = specs::Entity::from_id(entity, specs::world::Generation::ne(1));
    |

error[E0599]: no function or associated item named `from_id` found for struct `specs::Entity` in the current scope
   --> ecs\src\backends\chooser.rs:271:51
    |
271 |                 let specs_entity = specs::Entity::from_id(entity, specs::world::Generation::new(1));
    |                                                   ^^^^^^^ function or associated item not found in `specs::Entity`
    |
help: there is an associated function `from` with a similar name
   --> C:\Users\XS Studio\.rustup\toolchains\stable-x86_64-pc-windows-msvc\lib/rustlib/src/rust\library\core\src\convert\mod.rs:588:5
    |
588 |     fn from(value: T) -> Self;
    |     ^^^^^^^^^^^^^^^^^^^^^^^^^^

error[E0599]: no function or associated item named `new` found for struct `Generation` in the current scope
   --> ecs\src\backends\chooser.rs:271:93
    |
271 |                 let specs_entity = specs::Entity::from_id(entity, specs::world::Generation::new(1));
    |                                                                                             ^^^ function or associated item not found in `Generation`
    |
help: there is a method `ne` with a similar name
    |
271 -                 let specs_entity = specs::Entity::from_id(entity, specs::world::Generation::new(1));
271 +                 let specs_entity = specs::Entity::from_id(entity, specs::world::Generation::ne(1));
    |

error[E0599]: no function or associated item named `from_id` found for struct `specs::Entity` in the current scope
   --> ecs\src\backends\chooser.rs:324:50
    |
324 |                 let specs_child = specs::Entity::from_id(child, specs::world::Generation::new(1));
    |                                                  ^^^^^^^ function or associated item not found in `specs::Entity`
    |
help: there is an associated function `from` with a similar name
   --> C:\Users\XS Studio\.rustup\toolchains\stable-x86_64-pc-windows-msvc\lib/rustlib/src/rust\library\core\src\convert\mod.rs:588:5
    |
588 |     fn from(value: T) -> Self;
    |     ^^^^^^^^^^^^^^^^^^^^^^^^^^

error[E0599]: no function or associated item named `new` found for struct `Generation` in the current scope
   --> ecs\src\backends\chooser.rs:324:91
    |
324 |                 let specs_child = specs::Entity::from_id(child, specs::world::Generation::new(1));
    |                                                                                           ^^^ function or associated item not found in `Generation`
    |
help: there is a method `ne` with a similar name
    |
324 -                 let specs_child = specs::Entity::from_id(child, specs::world::Generation::new(1));
324 +                 let specs_child = specs::Entity::from_id(child, specs::world::Generation::ne(1));
    |

error[E0599]: no function or associated item named `from_id` found for struct `specs::Entity` in the current scope
   --> ecs\src\backends\chooser.rs:325:66
    |
325 |                 let specs_parent = parent.map(|p| specs::Entity::from_id(p, specs::world::Generation::new(1)));
    |                                                                  ^^^^^^^ function or associated item not found in `specs::Entity`
    |
help: there is an associated function `from` with a similar name
   --> C:\Users\XS Studio\.rustup\toolchains\stable-x86_64-pc-windows-msvc\lib/rustlib/src/rust\library\core\src\convert\mod.rs:588:5
    |
588 |     fn from(value: T) -> Self;
    |     ^^^^^^^^^^^^^^^^^^^^^^^^^^

error[E0599]: no function or associated item named `new` found for struct `Generation` in the current scope
   --> ecs\src\backends\chooser.rs:325:103
    |
325 |                 let specs_parent = parent.map(|p| specs::Entity::from_id(p, specs::world::Generation::new(1)));
    |                                                                                                       ^^^ function or associated item not found in `Generation`
    |
help: there is a method `ne` with a similar name
    |
325 -                 let specs_parent = parent.map(|p| specs::Entity::from_id(p, specs::world::Generation::new(1)));
325 +                 let specs_parent = parent.map(|p| specs::Entity::from_id(p, specs::world::Generation::ne(1)));
    |

error[E0599]: no function or associated item named `from_id` found for struct `specs::Entity` in the current scope
   --> ecs\src\backends\chooser.rs:351:51
    |
351 |                 let specs_entity = specs::Entity::from_id(entity, specs::world::Generation::new(1));
    |                                                   ^^^^^^^ function or associated item not found in `specs::Entity`
    |
help: there is an associated function `from` with a similar name
   --> C:\Users\XS Studio\.rustup\toolchains\stable-x86_64-pc-windows-msvc\lib/rustlib/src/rust\library\core\src\convert\mod.rs:588:5
    |
588 |     fn from(value: T) -> Self;
    |     ^^^^^^^^^^^^^^^^^^^^^^^^^^

error[E0599]: no function or associated item named `new` found for struct `Generation` in the current scope
   --> ecs\src\backends\chooser.rs:351:93
    |
351 |                 let specs_entity = specs::Entity::from_id(entity, specs::world::Generation::new(1));
    |                                                                                             ^^^ function or associated item not found in `Generation`
    |
help: there is a method `ne` with a similar name
    |
351 -                 let specs_entity = specs::Entity::from_id(entity, specs::world::Generation::new(1));
351 +                 let specs_entity = specs::Entity::from_id(entity, specs::world::Generation::ne(1));
    |

error[E0599]: no function or associated item named `from_id` found for struct `specs::Entity` in the current scope
   --> ecs\src\backends\chooser.rs:379:51
    |
379 |                 let specs_entity = specs::Entity::from_id(entity, specs::world::Generation::new(1));
    |                                                   ^^^^^^^ function or associated item not found in `specs::Entity`
    |
help: there is an associated function `from` with a similar name
   --> C:\Users\XS Studio\.rustup\toolchains\stable-x86_64-pc-windows-msvc\lib/rustlib/src/rust\library\core\src\convert\mod.rs:588:5
    |
588 |     fn from(value: T) -> Self;
    |     ^^^^^^^^^^^^^^^^^^^^^^^^^^

error[E0599]: no function or associated item named `new` found for struct `Generation` in the current scope
   --> ecs\src\backends\chooser.rs:379:93
    |
379 |                 let specs_entity = specs::Entity::from_id(entity, specs::world::Generation::new(1));
    |                                                                                             ^^^ function or associated item not found in `Generation`
    |
help: there is a method `ne` with a similar name
    |
379 -                 let specs_entity = specs::Entity::from_id(entity, specs::world::Generation::new(1));
379 +                 let specs_entity = specs::Entity::from_id(entity, specs::world::Generation::ne(1));
    |

error[E0515]: cannot return value referencing temporary value
   --> ecs\src\backends\bevy_backend.rs:251:17
    |
251 |                 self.world.get_entity_mut(entity)?.get_mut::<$bevy_component>()
    |                 ----------------------------------^^^^^^^^^^^^^^^^^^^^^^^^^^^^^
    |                 |
    |                 returns a value referencing data owned by the current function
    |                 temporary value created here
...
282 | impl_bevy_component_access!((f32, f32), BevyVelocity);
    | ----------------------------------------------------- in this macro invocation
    |
    = note: this error originates in the macro `impl_bevy_component_access` (in Nightly builds, run with -Z macro-backtrace for more info)

error[E0515]: cannot return value referencing temporary value
   --> ecs\src\backends\bevy_backend.rs:251:17
    |
251 |                 self.world.get_entity_mut(entity)?.get_mut::<$bevy_component>()
    |                 ----------------------------------^^^^^^^^^^^^^^^^^^^^^^^^^^^^^
    |                 |
    |                 returns a value referencing data owned by the current function
    |                 temporary value created here
...
283 | impl_bevy_component_access!(bool, BevyActive);
    | --------------------------------------------- in this macro invocation
    |
    = note: this error originates in the macro `impl_bevy_component_access` (in Nightly builds, run with -Z macro-backtrace for more info)

error[E0515]: cannot return value referencing temporary value
   --> ecs\src\backends\bevy_backend.rs:251:17
    |
251 |                 self.world.get_entity_mut(entity)?.get_mut::<$bevy_component>()
    |                 ----------------------------------^^^^^^^^^^^^^^^^^^^^^^^^^^^^^
    |                 |
    |                 returns a value referencing data owned by the current function
    |                 temporary value created here
...
284 | impl_bevy_component_access!(u8, BevyLayer);
    | ------------------------------------------ in this macro invocation
    |
    = note: this error originates in the macro `impl_bevy_component_access` (in Nightly builds, run with -Z macro-backtrace for more info)

error[E0515]: cannot return value referencing temporary value
   --> ecs\src\backends\bevy_backend.rs:251:17
    |
251 |                 self.world.get_entity_mut(entity)?.get_mut::<$bevy_component>()
    |                 ----------------------------------^^^^^^^^^^^^^^^^^^^^^^^^^^^^^
    |                 |
    |                 returns a value referencing data owned by the current function
    |                 temporary value created here
...
285 | impl_bevy_component_access!(String, BevyName);
    | --------------------------------------------- in this macro invocation
    |
    = note: this error originates in the macro `impl_bevy_component_access` (in Nightly builds, run with -Z macro-backtrace for more info)

error[E0515]: cannot return value referencing temporary value
   --> ecs\src\backends\bevy_backend.rs:251:17
    |
251 |                 self.world.get_entity_mut(entity)?.get_mut::<$bevy_component>()
    |                 ----------------------------------^^^^^^^^^^^^^^^^^^^^^^^^^^^^^
    |                 |
    |                 returns a value referencing data owned by the current function
    |                 temporary value created here
...
286 | impl_bevy_component_access!(SpriteSheet, BevySpriteSheet);
    | --------------------------------------------------------- in this macro invocation
    |
    = note: this error originates in the macro `impl_bevy_component_access` (in Nightly builds, run with -Z macro-backtrace for more info)

error[E0515]: cannot return value referencing temporary value
   --> ecs\src\backends\bevy_backend.rs:251:17
    |
251 |                 self.world.get_entity_mut(entity)?.get_mut::<$bevy_component>()
    |                 ----------------------------------^^^^^^^^^^^^^^^^^^^^^^^^^^^^^
    |                 |
    |                 returns a value referencing data owned by the current function
    |                 temporary value created here
...
287 | impl_bevy_component_access!(AnimatedSprite, BevyAnimatedSprite);
    | --------------------------------------------------------------- in this macro invocation
    |
    = note: this error originates in the macro `impl_bevy_component_access` (in Nightly builds, run with -Z macro-backtrace for more info)

error[E0515]: cannot return value referencing temporary value
   --> ecs\src\backends\bevy_backend.rs:251:17
    |
251 |                 self.world.get_entity_mut(entity)?.get_mut::<$bevy_component>()
    |                 ----------------------------------^^^^^^^^^^^^^^^^^^^^^^^^^^^^^
    |                 |
    |                 returns a value referencing data owned by the current function
    |                 temporary value created here
...
288 | impl_bevy_component_access!(Tilemap, BevyTilemap);
    | ------------------------------------------------- in this macro invocation
    |
    = note: this error originates in the macro `impl_bevy_component_access` (in Nightly builds, run with -Z macro-backtrace for more info)

error[E0515]: cannot return value referencing temporary value
   --> ecs\src\backends\bevy_backend.rs:251:17
    |
251 |                 self.world.get_entity_mut(entity)?.get_mut::<$bevy_component>()
    |                 ----------------------------------^^^^^^^^^^^^^^^^^^^^^^^^^^^^^
    |                 |
    |                 returns a value referencing data owned by the current function
    |                 temporary value created here
...
289 | impl_bevy_component_access!(TileSet, BevyTileSet);
    | ------------------------------------------------- in this macro invocation
    |
    = note: this error originates in the macro `impl_bevy_component_access` (in Nightly builds, run with -Z macro-backtrace for more info)

error[E0515]: cannot return value referencing temporary value
   --> ecs\src\backends\bevy_backend.rs:251:17
    |
251 |                 self.world.get_entity_mut(entity)?.get_mut::<$bevy_component>()
    |                 ----------------------------------^^^^^^^^^^^^^^^^^^^^^^^^^^^^^
    |                 |
    |                 returns a value referencing data owned by the current function
    |                 temporary value created here
...
290 | impl_bevy_component_access!(TilemapRenderer, BevyTilemapRenderer);
    | ----------------------------------------------------------------- in this macro invocation
    |
    = note: this error originates in the macro `impl_bevy_component_access` (in Nightly builds, run with -Z macro-backtrace for more info)

error[E0515]: cannot return value referencing temporary value
   --> ecs\src\backends\bevy_backend.rs:251:17
    |
251 |                 self.world.get_entity_mut(entity)?.get_mut::<$bevy_component>()
    |                 ----------------------------------^^^^^^^^^^^^^^^^^^^^^^^^^^^^^
    |                 |
    |                 returns a value referencing data owned by the current function
    |                 temporary value created here
...
291 | impl_bevy_component_access!(Map, BevyMap);
    | ----------------------------------------- in this macro invocation
    |
    = note: this error originates in the macro `impl_bevy_component_access` (in Nightly builds, run with -Z macro-backtrace for more info)

error[E0515]: cannot return value referencing temporary value
   --> ecs\src\backends\bevy_backend.rs:251:17
    |
251 |                 self.world.get_entity_mut(entity)?.get_mut::<$bevy_component>()
    |                 ----------------------------------^^^^^^^^^^^^^^^^^^^^^^^^^^^^^
    |                 |
    |                 returns a value referencing data owned by the current function
    |                 temporary value created here
...
292 | impl_bevy_component_access!(Grid, BevyGrid);
    | ------------------------------------------- in this macro invocation
    |
    = note: this error originates in the macro `impl_bevy_component_access` (in Nightly builds, run with -Z macro-backtrace for more info)

error[E0515]: cannot return value referencing temporary value
   --> ecs\src\backends\bevy_backend.rs:251:17
    |
251 |                 self.world.get_entity_mut(entity)?.get_mut::<$bevy_component>()
    |                 ----------------------------------^^^^^^^^^^^^^^^^^^^^^^^^^^^^^
    |                 |
    |                 returns a value referencing data owned by the current function
    |                 temporary value created here
...
293 | impl_bevy_component_access!(WorldUI, BevyWorldUI);
    | ------------------------------------------------- in this macro invocation
    |
    = note: this error originates in the macro `impl_bevy_component_access` (in Nightly builds, run with -Z macro-backtrace for more info)

error[E0515]: cannot return value referencing temporary value
   --> ecs\src\backends\bevy_backend.rs:251:17
    |
251 |                 self.world.get_entity_mut(entity)?.get_mut::<$bevy_component>()
    |                 ----------------------------------^^^^^^^^^^^^^^^^^^^^^^^^^^^^^
    |                 |
    |                 returns a value referencing data owned by the current function
    |                 temporary value created here
...
294 | impl_bevy_component_access!(LdtkMap, BevyLdtkMap);
    | ------------------------------------------------- in this macro invocation
    |
    = note: this error originates in the macro `impl_bevy_component_access` (in Nightly builds, run with -Z macro-backtrace for more info)

error[E0515]: cannot return value referencing temporary value
   --> ecs\src\backends\bevy_backend.rs:251:17
    |
251 |                 self.world.get_entity_mut(entity)?.get_mut::<$bevy_component>()
    |                 ----------------------------------^^^^^^^^^^^^^^^^^^^^^^^^^^^^^
    |                 |
    |                 returns a value referencing data owned by the current function
    |                 temporary value created here
...
295 | impl_bevy_component_access!(TilemapCollider, BevyTilemapCollider);
    | ----------------------------------------------------------------- in this macro invocation
    |
    = note: this error originates in the macro `impl_bevy_component_access` (in Nightly builds, run with -Z macro-backtrace for more info)

error[E0515]: cannot return value referencing temporary value
   --> ecs\src\backends\bevy_backend.rs:251:17
    |
251 |                 self.world.get_entity_mut(entity)?.get_mut::<$bevy_component>()
    |                 ----------------------------------^^^^^^^^^^^^^^^^^^^^^^^^^^^^^
    |                 |
    |                 returns a value referencing data owned by the current function
    |                 temporary value created here
...
296 | impl_bevy_component_access!(LdtkIntGridCollider, BevyLdtkIntGridCollider);
    | ------------------------------------------------------------------------- in this macro invocation
    |
    = note: this error originates in the macro `impl_bevy_component_access` (in Nightly builds, run with -Z macro-backtrace for more info)

Some errors have detailed explanations: E0308, E0412, E0515, E0583, E0599.
For more information about an error, try `rustc --explain E0308`.
warning: `ecs` (lib) generated 8 warnings
error: could not compile `ecs` (lib) due to 91 previous errors; 8 warnings emitted
warning: build failed, waiting for other jobs to finish...
warning: `ecs` (lib test) generated 8 warnings (8 duplicates)
error: could not compile `ecs` (lib test) due to 91 previous errors; 8 warnings emitted
